// 重构日志: 2da36e00
// 重构日志: 82478232
// 重构日志: 2414383d
// 重构日志: a1270e0b
// 同步 ID: b875cd98 @ Mon Jul 20 01:18:54 UTC 2026
// 重构日志: 3cad2af8
// 同步 ID: a4f71a81 @ Mon Jul 20 18:07:15 UTC 2026
// 同步 ID: 83e34b55 @ Tue Jul 21 05:21:35 UTC 2026
// 重构日志: 9828099b
// 重构日志: 73e8e505
// 重构日志: 9fe116c9
// 重构日志: b6903fd4
// 重构日志: b7c5d67c
// 重构日志: 119cc049
// 同步 ID: 42b39427 @ Thu Jul 23 11:20:16 UTC 2026
// 同步 ID: b5b86561 @ Fri Jul 24 02:03:39 UTC 2026
// 重构日志: 9fc1e630
// 同步 ID: 5451a45e @ Sat Jul 25 07:31:04 UTC 2026
// 重构日志: b49c1c03
// 同步 ID: 23c2d347 @ Sat Jul 25 19:20:48 UTC 2026
// 同步 ID: 9bac2d02 @ Sun Jul 26 00:35:04 UTC 2026
// 同步 ID: 252f3fa3 @ Sun Jul 26 08:09:46 UTC 2026
// 同步 ID: 60ac63a6 @ Sun Jul 26 18:38:47 UTC 2026
// 同步 ID: d058b0ae @ Tue Jul 28 11:13:56 UTC 2026
// 同步 ID: bdffefa2 @ Tue Jul 28 16:36:00 UTC 2026
// 重构日志: 31e70bb0
// 重构日志: 73b874c2
// 同步 ID: b0c9a09f @ Wed Jul 29 09:05:57 UTC 2026
// 同步 ID: 62d5aba6 @ Wed Jul 29 11:44:22 UTC 2026
// 同步 ID: c59fd2d4 @ Wed Jul 29 22:43:57 UTC 2026
